// Jest Snapshot v1, https://goo.gl/fbAQLP

exports[`ProductsPerPage Rendering renders different component states correctly: default-5-per-page 1`] = `
<div>
  <div
    class="sc-fpEFIB ksmUmw"
    style="min-width: 180px; height: 60px;"
  >
    <span
      class="sc-gAqISa kDWsLg"
    >
      Product per page
    </span>
    <div
      class="sc-fWnslK jxddlX"
      style="width: auto; min-width: 100px; margin: 0px; padding: 0px;"
    >
      <div
        data-testid="mock-select"
      >
        <span
          data-testid="current-value"
        >
          5
        </span>
        <button
          data-testid="option-5"
        >
          5 per page
        </button>
        <button
          data-testid="option-10"
        >
          10 per page
        </button>
        <button
          data-testid="option-15"
        >
          15 per page
        </button>
        <button
          data-testid="option-20"
        >
          20 per page
        </button>
      </div>
    </div>
  </div>
</div>
`;

exports[`ProductsPerPage Rendering renders different component states correctly: with-10-per-page 1`] = `
<div>
  <div
    class="sc-fpEFIB ksmUmw"
    style="min-width: 180px; height: 60px;"
  >
    <span
      class="sc-gAqISa kDWsLg"
    >
      Product per page
    </span>
    <div
      class="sc-fWnslK jxddlX"
      style="width: auto; min-width: 100px; margin: 0px; padding: 0px;"
    >
      <div
        data-testid="mock-select"
      >
        <span
          data-testid="current-value"
        >
          10
        </span>
        <button
          data-testid="option-5"
        >
          5 per page
        </button>
        <button
          data-testid="option-10"
        >
          10 per page
        </button>
        <button
          data-testid="option-15"
        >
          15 per page
        </button>
        <button
          data-testid="option-20"
        >
          20 per page
        </button>
      </div>
    </div>
  </div>
</div>
`;

exports[`ProductsPerPage Rendering renders different component states correctly: with-15-per-page 1`] = `
<div>
  <div
    class="sc-fpEFIB ksmUmw"
    style="min-width: 180px; height: 60px;"
  >
    <span
      class="sc-gAqISa kDWsLg"
    >
      Product per page
    </span>
    <div
      class="sc-fWnslK jxddlX"
      style="width: auto; min-width: 100px; margin: 0px; padding: 0px;"
    >
      <div
        data-testid="mock-select"
      >
        <span
          data-testid="current-value"
        >
          15
        </span>
        <button
          data-testid="option-5"
        >
          5 per page
        </button>
        <button
          data-testid="option-10"
        >
          10 per page
        </button>
        <button
          data-testid="option-15"
        >
          15 per page
        </button>
        <button
          data-testid="option-20"
        >
          20 per page
        </button>
      </div>
    </div>
  </div>
</div>
`;

exports[`ProductsPerPage Rendering renders different component states correctly: with-20-per-page 1`] = `
<div>
  <div
    class="sc-fpEFIB ksmUmw"
    style="min-width: 180px; height: 60px;"
  >
    <span
      class="sc-gAqISa kDWsLg"
    >
      Product per page
    </span>
    <div
      class="sc-fWnslK jxddlX"
      style="width: auto; min-width: 100px; margin: 0px; padding: 0px;"
    >
      <div
        data-testid="mock-select"
      >
        <span
          data-testid="current-value"
        >
          20
        </span>
        <button
          data-testid="option-5"
        >
          5 per page
        </button>
        <button
          data-testid="option-10"
        >
          10 per page
        </button>
        <button
          data-testid="option-15"
        >
          15 per page
        </button>
        <button
          data-testid="option-20"
        >
          20 per page
        </button>
      </div>
    </div>
  </div>
</div>
`;

exports[`ProductsPerPage Rendering renders different component states correctly: with-invalid-value 1`] = `
<div>
  <div
    class="sc-fpEFIB ksmUmw"
    style="min-width: 180px; height: 60px;"
  >
    <span
      class="sc-gAqISa kDWsLg"
    >
      Product per page
    </span>
    <div
      class="sc-fWnslK jxddlX"
      style="width: auto; min-width: 100px; margin: 0px; padding: 0px;"
    >
      <div
        data-testid="mock-select"
      >
        <span
          data-testid="current-value"
        >
          NaN
        </span>
        <button
          data-testid="option-5"
        >
          5 per page
        </button>
        <button
          data-testid="option-10"
        >
          10 per page
        </button>
        <button
          data-testid="option-15"
        >
          15 per page
        </button>
        <button
          data-testid="option-20"
        >
          20 per page
        </button>
      </div>
    </div>
  </div>
</div>
`;
