// Jest Snapshot v1, https://goo.gl/fbAQLP

exports[`Navbar - Rendering matches desktop snapshot 1`] = `
<div>
  <div
    class="sc-Qotzb cUSTmH section"
  >
    <button
      class="sc-dKREkF iYShG"
    >
      <svg
        aria-hidden="true"
        class="lucide lucide-menu"
        fill="none"
        height="24"
        stroke="currentColor"
        stroke-linecap="round"
        stroke-linejoin="round"
        stroke-width="2"
        style="margin-left: 16px;"
        viewBox="0 0 24 24"
        width="24"
        xmlns="http://www.w3.org/2000/svg"
      >
        <path
          d="M4 12h16"
        />
        <path
          d="M4 18h16"
        />
        <path
          d="M4 6h16"
        />
      </svg>
    </button>
    <div
      class="sc-fYsHOw dIRERo"
      data-orientation="horizontal"
      role="menubar"
      style="outline: none;"
      tabindex="-1"
    >
      <div
        class="sc-jJAtPt dqqxLN"
      >
        <button
          class="sc-cZSric juElHV"
          data-testid="category-button"
        >
          Fruit and vegetables
           
          <svg
            aria-hidden="true"
            class="lucide lucide-chevron-down"
            fill="none"
            height="12"
            stroke="currentColor"
            stroke-linecap="round"
            stroke-linejoin="round"
            stroke-width="2"
            style="stroke-width: 4;"
            viewBox="0 0 24 24"
            width="12"
            xmlns="http://www.w3.org/2000/svg"
          >
            <path
              d="m6 9 6 6 6-6"
            />
          </svg>
        </button>
        <div
          class="sc-cUiCeM dZEcRt dropdown-content"
        >
          <div
            class="sc-jPkiSJ dwTfyH"
          >
            <span>
              Fresh Fruits
            </span>
            <svg
              aria-hidden="true"
              class="lucide lucide-chevron-right"
              fill="none"
              height="12"
              stroke="currentColor"
              stroke-linecap="round"
              stroke-linejoin="round"
              stroke-width="2"
              style="stroke-width: 4;"
              viewBox="0 0 24 24"
              width="12"
              xmlns="http://www.w3.org/2000/svg"
            >
              <path
                d="m9 18 6-6-6-6"
              />
            </svg>
            <div
              class="sc-jScdur cYaggx sub-dropdown"
            >
              <div
                class="sc-dcKlJK bjrQfS"
              >
                Apples
              </div>
              <div
                class="sc-dcKlJK bjrQfS"
              >
                Bananas
              </div>
              <div
                class="sc-dcKlJK bjrQfS"
              >
                Oranges
              </div>
              <div
                class="sc-dcKlJK bjrQfS"
              >
                Strawberries
              </div>
              <div
                class="sc-dcKlJK bjrQfS"
              >
                Dragon Fruit
              </div>
            </div>
          </div>
          <div
            class="sc-jPkiSJ dwTfyH"
          >
            <span>
              Vegetables
            </span>
            <svg
              aria-hidden="true"
              class="lucide lucide-chevron-right"
              fill="none"
              height="12"
              stroke="currentColor"
              stroke-linecap="round"
              stroke-linejoin="round"
              stroke-width="2"
              style="stroke-width: 4;"
              viewBox="0 0 24 24"
              width="12"
              xmlns="http://www.w3.org/2000/svg"
            >
              <path
                d="m9 18 6-6-6-6"
              />
            </svg>
            <div
              class="sc-jScdur cYaggx sub-dropdown"
            >
              <div
                class="sc-dcKlJK bjrQfS"
              >
                Tomatoes
              </div>
              <div
                class="sc-dcKlJK bjrQfS"
              >
                Baby Spinach
              </div>
              <div
                class="sc-dcKlJK bjrQfS"
              >
                Organic Carrots
              </div>
            </div>
          </div>
          <div
            class="sc-jPkiSJ dwTfyH"
          >
            <span>
              Organic
            </span>
            <svg
              aria-hidden="true"
              class="lucide lucide-chevron-right"
              fill="none"
              height="12"
              stroke="currentColor"
              stroke-linecap="round"
              stroke-linejoin="round"
              stroke-width="2"
              style="stroke-width: 4;"
              viewBox="0 0 24 24"
              width="12"
              xmlns="http://www.w3.org/2000/svg"
            >
              <path
                d="m9 18 6-6-6-6"
              />
            </svg>
            <div
              class="sc-jScdur cYaggx sub-dropdown"
            >
              <div
                class="sc-dcKlJK bjrQfS"
              >
                Organic Avocados
              </div>
              <div
                class="sc-dcKlJK bjrQfS"
              >
                Organic Berry Mix
              </div>
            </div>
          </div>
        </div>
      </div>
      <div
        class="sc-jJAtPt dqqxLN"
      >
        <button
          class="sc-cZSric juElHV"
          data-testid="category-button"
        >
          Bakery
           
          <svg
            aria-hidden="true"
            class="lucide lucide-chevron-down"
            fill="none"
            height="12"
            stroke="currentColor"
            stroke-linecap="round"
            stroke-linejoin="round"
            stroke-width="2"
            style="stroke-width: 4;"
            viewBox="0 0 24 24"
            width="12"
            xmlns="http://www.w3.org/2000/svg"
          >
            <path
              d="m6 9 6 6 6-6"
            />
          </svg>
        </button>
        <div
          class="sc-cUiCeM dZEcRt dropdown-content"
        >
          <div
            class="sc-jPkiSJ dwTfyH"
          >
            <span>
              Bread
            </span>
            <svg
              aria-hidden="true"
              class="lucide lucide-chevron-right"
              fill="none"
              height="12"
              stroke="currentColor"
              stroke-linecap="round"
              stroke-linejoin="round"
              stroke-width="2"
              style="stroke-width: 4;"
              viewBox="0 0 24 24"
              width="12"
              xmlns="http://www.w3.org/2000/svg"
            >
              <path
                d="m9 18 6-6-6-6"
              />
            </svg>
            <div
              class="sc-jScdur cYaggx sub-dropdown"
            >
              <div
                class="sc-dcKlJK bjrQfS"
              >
                Sourdough Bread
              </div>
              <div
                class="sc-dcKlJK bjrQfS"
              >
                French Baguette
              </div>
            </div>
          </div>
          <div
            class="sc-jPkiSJ dwTfyH"
          >
            <span>
              Pastries
            </span>
            <svg
              aria-hidden="true"
              class="lucide lucide-chevron-right"
              fill="none"
              height="12"
              stroke="currentColor"
              stroke-linecap="round"
              stroke-linejoin="round"
              stroke-width="2"
              style="stroke-width: 4;"
              viewBox="0 0 24 24"
              width="12"
              xmlns="http://www.w3.org/2000/svg"
            >
              <path
                d="m9 18 6-6-6-6"
              />
            </svg>
            <div
              class="sc-jScdur cYaggx sub-dropdown"
            >
              <div
                class="sc-dcKlJK bjrQfS"
              >
                Butter Croissants
              </div>
            </div>
          </div>
          <div
            class="sc-jPkiSJ dwTfyH"
          >
            <span>
              Cakes
            </span>
            <svg
              aria-hidden="true"
              class="lucide lucide-chevron-right"
              fill="none"
              height="12"
              stroke="currentColor"
              stroke-linecap="round"
              stroke-linejoin="round"
              stroke-width="2"
              style="stroke-width: 4;"
              viewBox="0 0 24 24"
              width="12"
              xmlns="http://www.w3.org/2000/svg"
            >
              <path
                d="m9 18 6-6-6-6"
              />
            </svg>
            <div
              class="sc-jScdur cYaggx sub-dropdown"
            >
              <div
                class="sc-dcKlJK bjrQfS"
              >
                Birthday Cake
              </div>
            </div>
          </div>
        </div>
      </div>
      <div
        class="sc-jJAtPt dqqxLN"
      >
        <button
          class="sc-cZSric juElHV"
          data-testid="category-button"
        >
          Meat and fish
           
          <svg
            aria-hidden="true"
            class="lucide lucide-chevron-down"
            fill="none"
            height="12"
            stroke="currentColor"
            stroke-linecap="round"
            stroke-linejoin="round"
            stroke-width="2"
            style="stroke-width: 4;"
            viewBox="0 0 24 24"
            width="12"
            xmlns="http://www.w3.org/2000/svg"
          >
            <path
              d="m6 9 6 6 6-6"
            />
          </svg>
        </button>
        <div
          class="sc-cUiCeM dZEcRt dropdown-content"
        >
          <div
            class="sc-jPkiSJ dwTfyH"
          >
            <span>
              Beef
            </span>
            <svg
              aria-hidden="true"
              class="lucide lucide-chevron-right"
              fill="none"
              height="12"
              stroke="currentColor"
              stroke-linecap="round"
              stroke-linejoin="round"
              stroke-width="2"
              style="stroke-width: 4;"
              viewBox="0 0 24 24"
              width="12"
              xmlns="http://www.w3.org/2000/svg"
            >
              <path
                d="m9 18 6-6-6-6"
              />
            </svg>
            <div
              class="sc-jScdur cYaggx sub-dropdown"
            >
              <div
                class="sc-dcKlJK bjrQfS"
              >
                Ribeye Steak
              </div>
              <div
                class="sc-dcKlJK bjrQfS"
              >
                Ground Beef
              </div>
            </div>
          </div>
          <div
            class="sc-jPkiSJ dwTfyH"
          >
            <span>
              Poultry
            </span>
            <svg
              aria-hidden="true"
              class="lucide lucide-chevron-right"
              fill="none"
              height="12"
              stroke="currentColor"
              stroke-linecap="round"
              stroke-linejoin="round"
              stroke-width="2"
              style="stroke-width: 4;"
              viewBox="0 0 24 24"
              width="12"
              xmlns="http://www.w3.org/2000/svg"
            >
              <path
                d="m9 18 6-6-6-6"
              />
            </svg>
            <div
              class="sc-jScdur cYaggx sub-dropdown"
            >
              <div
                class="sc-dcKlJK bjrQfS"
              >
                Chicken Breasts
              </div>
            </div>
          </div>
          <div
            class="sc-jPkiSJ dwTfyH"
          >
            <span>
              Fish
            </span>
            <svg
              aria-hidden="true"
              class="lucide lucide-chevron-right"
              fill="none"
              height="12"
              stroke="currentColor"
              stroke-linecap="round"
              stroke-linejoin="round"
              stroke-width="2"
              style="stroke-width: 4;"
              viewBox="0 0 24 24"
              width="12"
              xmlns="http://www.w3.org/2000/svg"
            >
              <path
                d="m9 18 6-6-6-6"
              />
            </svg>
            <div
              class="sc-jScdur cYaggx sub-dropdown"
            >
              <div
                class="sc-dcKlJK bjrQfS"
              >
                Wild Caught Salmon
              </div>
              <div
                class="sc-dcKlJK bjrQfS"
              >
                Fresh Jumbo Shrimp
              </div>
            </div>
          </div>
        </div>
      </div>
      <div
        class="sc-jJAtPt dqqxLN"
      >
        <button
          class="sc-cZSric juElHV"
          data-testid="category-button"
        >
          Drinks
           
          <svg
            aria-hidden="true"
            class="lucide lucide-chevron-down"
            fill="none"
            height="12"
            stroke="currentColor"
            stroke-linecap="round"
            stroke-linejoin="round"
            stroke-width="2"
            style="stroke-width: 4;"
            viewBox="0 0 24 24"
            width="12"
            xmlns="http://www.w3.org/2000/svg"
          >
            <path
              d="m6 9 6 6 6-6"
            />
          </svg>
        </button>
        <div
          class="sc-cUiCeM dZEcRt dropdown-content"
        >
          <div
            class="sc-jPkiSJ dwTfyH"
          >
            <span>
              Non-Alcoholic
            </span>
            <svg
              aria-hidden="true"
              class="lucide lucide-chevron-right"
              fill="none"
              height="12"
              stroke="currentColor"
              stroke-linecap="round"
              stroke-linejoin="round"
              stroke-width="2"
              style="stroke-width: 4;"
              viewBox="0 0 24 24"
              width="12"
              xmlns="http://www.w3.org/2000/svg"
            >
              <path
                d="m9 18 6-6-6-6"
              />
            </svg>
            <div
              class="sc-jScdur cYaggx sub-dropdown"
            >
              <div
                class="sc-dcKlJK bjrQfS"
              >
                Orange Juice
              </div>
              <div
                class="sc-dcKlJK bjrQfS"
              >
                Green Tea
              </div>
            </div>
          </div>
          <div
            class="sc-jPkiSJ dwTfyH"
          >
            <span>
              Alcoholic
            </span>
            <svg
              aria-hidden="true"
              class="lucide lucide-chevron-right"
              fill="none"
              height="12"
              stroke="currentColor"
              stroke-linecap="round"
              stroke-linejoin="round"
              stroke-width="2"
              style="stroke-width: 4;"
              viewBox="0 0 24 24"
              width="12"
              xmlns="http://www.w3.org/2000/svg"
            >
              <path
                d="m9 18 6-6-6-6"
              />
            </svg>
            <div
              class="sc-jScdur cYaggx sub-dropdown"
            >
              <div
                class="sc-dcKlJK bjrQfS"
              >
                Craft IPA
              </div>
              <div
                class="sc-dcKlJK bjrQfS"
              >
                Organic Red Wine
              </div>
            </div>
          </div>
          <div
            class="sc-jPkiSJ dwTfyH"
          >
            <span>
              Special Drinks
            </span>
            <svg
              aria-hidden="true"
              class="lucide lucide-chevron-right"
              fill="none"
              height="12"
              stroke="currentColor"
              stroke-linecap="round"
              stroke-linejoin="round"
              stroke-width="2"
              style="stroke-width: 4;"
              viewBox="0 0 24 24"
              width="12"
              xmlns="http://www.w3.org/2000/svg"
            >
              <path
                d="m9 18 6-6-6-6"
              />
            </svg>
            <div
              class="sc-jScdur cYaggx sub-dropdown"
            >
              <div
                class="sc-dcKlJK bjrQfS"
              >
                Berry Smoothie
              </div>
            </div>
          </div>
        </div>
      </div>
      <div
        class="sc-jJAtPt dqqxLN"
      >
        <button
          class="sc-cZSric juElHV"
          data-testid="category-button"
        >
          Kitchen
           
          <svg
            aria-hidden="true"
            class="lucide lucide-chevron-down"
            fill="none"
            height="12"
            stroke="currentColor"
            stroke-linecap="round"
            stroke-linejoin="round"
            stroke-width="2"
            style="stroke-width: 4;"
            viewBox="0 0 24 24"
            width="12"
            xmlns="http://www.w3.org/2000/svg"
          >
            <path
              d="m6 9 6 6 6-6"
            />
          </svg>
        </button>
        <div
          class="sc-cUiCeM dZEcRt dropdown-content"
        >
          <div
            class="sc-jPkiSJ dwTfyH"
          >
            <span>
              Cookware
            </span>
            <svg
              aria-hidden="true"
              class="lucide lucide-chevron-right"
              fill="none"
              height="12"
              stroke="currentColor"
              stroke-linecap="round"
              stroke-linejoin="round"
              stroke-width="2"
              style="stroke-width: 4;"
              viewBox="0 0 24 24"
              width="12"
              xmlns="http://www.w3.org/2000/svg"
            >
              <path
                d="m9 18 6-6-6-6"
              />
            </svg>
            <div
              class="sc-jScdur cYaggx sub-dropdown"
            >
              <div
                class="sc-dcKlJK bjrQfS"
              >
                Frying Pan Set
              </div>
            </div>
          </div>
          <div
            class="sc-jPkiSJ dwTfyH"
          >
            <span>
              Appliances
            </span>
            <svg
              aria-hidden="true"
              class="lucide lucide-chevron-right"
              fill="none"
              height="12"
              stroke="currentColor"
              stroke-linecap="round"
              stroke-linejoin="round"
              stroke-width="2"
              style="stroke-width: 4;"
              viewBox="0 0 24 24"
              width="12"
              xmlns="http://www.w3.org/2000/svg"
            >
              <path
                d="m9 18 6-6-6-6"
              />
            </svg>
            <div
              class="sc-jScdur cYaggx sub-dropdown"
            >
              <div
                class="sc-dcKlJK bjrQfS"
              >
                Stand Mixer
              </div>
            </div>
          </div>
          <div
            class="sc-jPkiSJ dwTfyH"
          >
            <span>
              Accessories
            </span>
            <svg
              aria-hidden="true"
              class="lucide lucide-chevron-right"
              fill="none"
              height="12"
              stroke="currentColor"
              stroke-linecap="round"
              stroke-linejoin="round"
              stroke-width="2"
              style="stroke-width: 4;"
              viewBox="0 0 24 24"
              width="12"
              xmlns="http://www.w3.org/2000/svg"
            >
              <path
                d="m9 18 6-6-6-6"
              />
            </svg>
            <div
              class="sc-jScdur cYaggx sub-dropdown"
            >
              <div
                class="sc-dcKlJK bjrQfS"
              >
                Chef Knife Set
              </div>
            </div>
          </div>
        </div>
      </div>
      <div
        class="sc-jJAtPt dqqxLN"
      >
        <button
          class="sc-cZSric juElHV"
          data-testid="category-button"
        >
          Special nutrition
           
          <svg
            aria-hidden="true"
            class="lucide lucide-chevron-down"
            fill="none"
            height="12"
            stroke="currentColor"
            stroke-linecap="round"
            stroke-linejoin="round"
            stroke-width="2"
            style="stroke-width: 4;"
            viewBox="0 0 24 24"
            width="12"
            xmlns="http://www.w3.org/2000/svg"
          >
            <path
              d="m6 9 6 6 6-6"
            />
          </svg>
        </button>
        <div
          class="sc-cUiCeM dZEcRt dropdown-content"
        >
          <div
            class="sc-jPkiSJ dwTfyH"
          >
            <span>
              Supplements
            </span>
            <svg
              aria-hidden="true"
              class="lucide lucide-chevron-right"
              fill="none"
              height="12"
              stroke="currentColor"
              stroke-linecap="round"
              stroke-linejoin="round"
              stroke-width="2"
              style="stroke-width: 4;"
              viewBox="0 0 24 24"
              width="12"
              xmlns="http://www.w3.org/2000/svg"
            >
              <path
                d="m9 18 6-6-6-6"
              />
            </svg>
            <div
              class="sc-jScdur cYaggx sub-dropdown"
            >
              <div
                class="sc-dcKlJK bjrQfS"
              >
                Protein Powder
              </div>
            </div>
          </div>
          <div
            class="sc-jPkiSJ dwTfyH"
          >
            <span>
              Diets
            </span>
            <svg
              aria-hidden="true"
              class="lucide lucide-chevron-right"
              fill="none"
              height="12"
              stroke="currentColor"
              stroke-linecap="round"
              stroke-linejoin="round"
              stroke-width="2"
              style="stroke-width: 4;"
              viewBox="0 0 24 24"
              width="12"
              xmlns="http://www.w3.org/2000/svg"
            >
              <path
                d="m9 18 6-6-6-6"
              />
            </svg>
            <div
              class="sc-jScdur cYaggx sub-dropdown"
            >
              <div
                class="sc-dcKlJK bjrQfS"
              >
                Keto Shakes
              </div>
            </div>
          </div>
          <div
            class="sc-jPkiSJ dwTfyH"
          >
            <span>
              Superfoods
            </span>
            <svg
              aria-hidden="true"
              class="lucide lucide-chevron-right"
              fill="none"
              height="12"
              stroke="currentColor"
              stroke-linecap="round"
              stroke-linejoin="round"
              stroke-width="2"
              style="stroke-width: 4;"
              viewBox="0 0 24 24"
              width="12"
              xmlns="http://www.w3.org/2000/svg"
            >
              <path
                d="m9 18 6-6-6-6"
              />
            </svg>
            <div
              class="sc-jScdur cYaggx sub-dropdown"
            >
              <div
                class="sc-dcKlJK bjrQfS"
              >
                Chia Seeds
              </div>
            </div>
          </div>
        </div>
      </div>
      <div
        class="sc-jJAtPt dqqxLN"
      >
        <button
          class="sc-cZSric juElHV"
          data-testid="category-button"
        >
          Baby
           
          <svg
            aria-hidden="true"
            class="lucide lucide-chevron-down"
            fill="none"
            height="12"
            stroke="currentColor"
            stroke-linecap="round"
            stroke-linejoin="round"
            stroke-width="2"
            style="stroke-width: 4;"
            viewBox="0 0 24 24"
            width="12"
            xmlns="http://www.w3.org/2000/svg"
          >
            <path
              d="m6 9 6 6 6-6"
            />
          </svg>
        </button>
        <div
          class="sc-cUiCeM dZEcRt dropdown-content"
        >
          <div
            class="sc-jPkiSJ dwTfyH"
          >
            <span>
              Food
            </span>
            <svg
              aria-hidden="true"
              class="lucide lucide-chevron-right"
              fill="none"
              height="12"
              stroke="currentColor"
              stroke-linecap="round"
              stroke-linejoin="round"
              stroke-width="2"
              style="stroke-width: 4;"
              viewBox="0 0 24 24"
              width="12"
              xmlns="http://www.w3.org/2000/svg"
            >
              <path
                d="m9 18 6-6-6-6"
              />
            </svg>
            <div
              class="sc-jScdur cYaggx sub-dropdown"
            >
              <div
                class="sc-dcKlJK bjrQfS"
              >
                Baby Formula
              </div>
            </div>
          </div>
          <div
            class="sc-jPkiSJ dwTfyH"
          >
            <span>
              Care
            </span>
            <svg
              aria-hidden="true"
              class="lucide lucide-chevron-right"
              fill="none"
              height="12"
              stroke="currentColor"
              stroke-linecap="round"
              stroke-linejoin="round"
              stroke-width="2"
              style="stroke-width: 4;"
              viewBox="0 0 24 24"
              width="12"
              xmlns="http://www.w3.org/2000/svg"
            >
              <path
                d="m9 18 6-6-6-6"
              />
            </svg>
            <div
              class="sc-jScdur cYaggx sub-dropdown"
            >
              <div
                class="sc-dcKlJK bjrQfS"
              >
                Eco-Friendly Diapers
              </div>
            </div>
          </div>
          <div
            class="sc-jPkiSJ dwTfyH"
          >
            <span>
              Accessories
            </span>
            <svg
              aria-hidden="true"
              class="lucide lucide-chevron-right"
              fill="none"
              height="12"
              stroke="currentColor"
              stroke-linecap="round"
              stroke-linejoin="round"
              stroke-width="2"
              style="stroke-width: 4;"
              viewBox="0 0 24 24"
              width="12"
              xmlns="http://www.w3.org/2000/svg"
            >
              <path
                d="m9 18 6-6-6-6"
              />
            </svg>
            <div
              class="sc-jScdur cYaggx sub-dropdown"
            >
              <div
                class="sc-dcKlJK bjrQfS"
              >
                Feeding Set
              </div>
            </div>
          </div>
        </div>
      </div>
      <div
        class="sc-jJAtPt dqqxLN"
      >
        <button
          class="sc-cZSric juElHV"
          data-testid="category-button"
        >
          Pharmacy
           
          <svg
            aria-hidden="true"
            class="lucide lucide-chevron-down"
            fill="none"
            height="12"
            stroke="currentColor"
            stroke-linecap="round"
            stroke-linejoin="round"
            stroke-width="2"
            style="stroke-width: 4;"
            viewBox="0 0 24 24"
            width="12"
            xmlns="http://www.w3.org/2000/svg"
          >
            <path
              d="m6 9 6 6 6-6"
            />
          </svg>
        </button>
        <div
          class="sc-cUiCeM dZEcRt dropdown-content"
        >
          <div
            class="sc-jPkiSJ dwTfyH"
          >
            <span>
              Medications
            </span>
            <svg
              aria-hidden="true"
              class="lucide lucide-chevron-right"
              fill="none"
              height="12"
              stroke="currentColor"
              stroke-linecap="round"
              stroke-linejoin="round"
              stroke-width="2"
              style="stroke-width: 4;"
              viewBox="0 0 24 24"
              width="12"
              xmlns="http://www.w3.org/2000/svg"
            >
              <path
                d="m9 18 6-6-6-6"
              />
            </svg>
            <div
              class="sc-jScdur cYaggx sub-dropdown"
            >
              <div
                class="sc-dcKlJK bjrQfS"
              >
                Cold & Flu Relief
              </div>
            </div>
          </div>
          <div
            class="sc-jPkiSJ dwTfyH"
          >
            <span>
              Personal Care
            </span>
            <svg
              aria-hidden="true"
              class="lucide lucide-chevron-right"
              fill="none"
              height="12"
              stroke="currentColor"
              stroke-linecap="round"
              stroke-linejoin="round"
              stroke-width="2"
              style="stroke-width: 4;"
              viewBox="0 0 24 24"
              width="12"
              xmlns="http://www.w3.org/2000/svg"
            >
              <path
                d="m9 18 6-6-6-6"
              />
            </svg>
            <div
              class="sc-jScdur cYaggx sub-dropdown"
            >
              <div
                class="sc-dcKlJK bjrQfS"
              >
                Advanced Skincare
              </div>
            </div>
          </div>
          <div
            class="sc-jPkiSJ dwTfyH"
          >
            <span>
              Medical Supplies
            </span>
            <svg
              aria-hidden="true"
              class="lucide lucide-chevron-right"
              fill="none"
              height="12"
              stroke="currentColor"
              stroke-linecap="round"
              stroke-linejoin="round"
              stroke-width="2"
              style="stroke-width: 4;"
              viewBox="0 0 24 24"
              width="12"
              xmlns="http://www.w3.org/2000/svg"
            >
              <path
                d="m9 18 6-6-6-6"
              />
            </svg>
            <div
              class="sc-jScdur cYaggx sub-dropdown"
            >
              <div
                class="sc-dcKlJK bjrQfS"
              >
                First Aid Kit
              </div>
            </div>
          </div>
        </div>
      </div>
    </div>
    <div
      class="sc-fWnslK efsRqh"
      data-state="closed"
    >
      <div
        class="sc-iQQCXo edJzKx"
      >
        <p
          class="sc-dIMoHT eAOjAW"
        >
          Menu
        </p>
        <button
          aria-label="Close menu"
          class="sc-dKREkF iYShG"
        >
          <svg
            aria-hidden="true"
            class="lucide lucide-x"
            fill="none"
            height="24"
            stroke="currentColor"
            stroke-linecap="round"
            stroke-linejoin="round"
            stroke-width="2"
            viewBox="0 0 24 24"
            width="24"
            xmlns="http://www.w3.org/2000/svg"
          >
            <path
              d="M18 6 6 18"
            />
            <path
              d="m6 6 12 12"
            />
          </svg>
        </button>
      </div>
      <div
        class="sc-gDpztx ZlgJZ"
        data-orientation="vertical"
      >
        <div
          class="sc-kpOvIu gaCFeK"
          data-orientation="vertical"
          data-state="closed"
        >
          <button
            aria-controls="radix-«r1»"
            aria-expanded="false"
            class="sc-icnseD bcQHXF"
            data-orientation="vertical"
            data-radix-collection-item=""
            data-state="closed"
            id="radix-«r0»"
            type="button"
          >
            <span>
              Fruit and vegetables
            </span>
            <svg
              aria-hidden="true"
              class="lucide lucide-chevron-down"
              fill="none"
              height="16"
              stroke="currentColor"
              stroke-linecap="round"
              stroke-linejoin="round"
              stroke-width="2"
              style="stroke-width: 4;"
              viewBox="0 0 24 24"
              width="16"
              xmlns="http://www.w3.org/2000/svg"
            >
              <path
                d="m6 9 6 6 6-6"
              />
            </svg>
          </button>
          <div
            aria-labelledby="radix-«r0»"
            class="sc-jMsorb gEEjGZ"
            data-orientation="vertical"
            data-state="closed"
            hidden=""
            id="radix-«r1»"
            role="region"
            style="--radix-accordion-content-height: var(--radix-collapsible-content-height); --radix-accordion-content-width: var(--radix-collapsible-content-width);"
          />
        </div>
        <div
          class="sc-kpOvIu gaCFeK"
          data-orientation="vertical"
          data-state="closed"
        >
          <button
            aria-controls="radix-«r3»"
            aria-expanded="false"
            class="sc-icnseD bcQHXF"
            data-orientation="vertical"
            data-radix-collection-item=""
            data-state="closed"
            id="radix-«r2»"
            type="button"
          >
            <span>
              Bakery
            </span>
            <svg
              aria-hidden="true"
              class="lucide lucide-chevron-down"
              fill="none"
              height="16"
              stroke="currentColor"
              stroke-linecap="round"
              stroke-linejoin="round"
              stroke-width="2"
              style="stroke-width: 4;"
              viewBox="0 0 24 24"
              width="16"
              xmlns="http://www.w3.org/2000/svg"
            >
              <path
                d="m6 9 6 6 6-6"
              />
            </svg>
          </button>
          <div
            aria-labelledby="radix-«r2»"
            class="sc-jMsorb gEEjGZ"
            data-orientation="vertical"
            data-state="closed"
            hidden=""
            id="radix-«r3»"
            role="region"
            style="--radix-accordion-content-height: var(--radix-collapsible-content-height); --radix-accordion-content-width: var(--radix-collapsible-content-width);"
          />
        </div>
        <div
          class="sc-kpOvIu gaCFeK"
          data-orientation="vertical"
          data-state="closed"
        >
          <button
            aria-controls="radix-«r5»"
            aria-expanded="false"
            class="sc-icnseD bcQHXF"
            data-orientation="vertical"
            data-radix-collection-item=""
            data-state="closed"
            id="radix-«r4»"
            type="button"
          >
            <span>
              Meat and fish
            </span>
            <svg
              aria-hidden="true"
              class="lucide lucide-chevron-down"
              fill="none"
              height="16"
              stroke="currentColor"
              stroke-linecap="round"
              stroke-linejoin="round"
              stroke-width="2"
              style="stroke-width: 4;"
              viewBox="0 0 24 24"
              width="16"
              xmlns="http://www.w3.org/2000/svg"
            >
              <path
                d="m6 9 6 6 6-6"
              />
            </svg>
          </button>
          <div
            aria-labelledby="radix-«r4»"
            class="sc-jMsorb gEEjGZ"
            data-orientation="vertical"
            data-state="closed"
            hidden=""
            id="radix-«r5»"
            role="region"
            style="--radix-accordion-content-height: var(--radix-collapsible-content-height); --radix-accordion-content-width: var(--radix-collapsible-content-width);"
          />
        </div>
        <div
          class="sc-kpOvIu gaCFeK"
          data-orientation="vertical"
          data-state="closed"
        >
          <button
            aria-controls="radix-«r7»"
            aria-expanded="false"
            class="sc-icnseD bcQHXF"
            data-orientation="vertical"
            data-radix-collection-item=""
            data-state="closed"
            id="radix-«r6»"
            type="button"
          >
            <span>
              Drinks
            </span>
            <svg
              aria-hidden="true"
              class="lucide lucide-chevron-down"
              fill="none"
              height="16"
              stroke="currentColor"
              stroke-linecap="round"
              stroke-linejoin="round"
              stroke-width="2"
              style="stroke-width: 4;"
              viewBox="0 0 24 24"
              width="16"
              xmlns="http://www.w3.org/2000/svg"
            >
              <path
                d="m6 9 6 6 6-6"
              />
            </svg>
          </button>
          <div
            aria-labelledby="radix-«r6»"
            class="sc-jMsorb gEEjGZ"
            data-orientation="vertical"
            data-state="closed"
            hidden=""
            id="radix-«r7»"
            role="region"
            style="--radix-accordion-content-height: var(--radix-collapsible-content-height); --radix-accordion-content-width: var(--radix-collapsible-content-width);"
          />
        </div>
        <div
          class="sc-kpOvIu gaCFeK"
          data-orientation="vertical"
          data-state="closed"
        >
          <button
            aria-controls="radix-«r9»"
            aria-expanded="false"
            class="sc-icnseD bcQHXF"
            data-orientation="vertical"
            data-radix-collection-item=""
            data-state="closed"
            id="radix-«r8»"
            type="button"
          >
            <span>
              Kitchen
            </span>
            <svg
              aria-hidden="true"
              class="lucide lucide-chevron-down"
              fill="none"
              height="16"
              stroke="currentColor"
              stroke-linecap="round"
              stroke-linejoin="round"
              stroke-width="2"
              style="stroke-width: 4;"
              viewBox="0 0 24 24"
              width="16"
              xmlns="http://www.w3.org/2000/svg"
            >
              <path
                d="m6 9 6 6 6-6"
              />
            </svg>
          </button>
          <div
            aria-labelledby="radix-«r8»"
            class="sc-jMsorb gEEjGZ"
            data-orientation="vertical"
            data-state="closed"
            hidden=""
            id="radix-«r9»"
            role="region"
            style="--radix-accordion-content-height: var(--radix-collapsible-content-height); --radix-accordion-content-width: var(--radix-collapsible-content-width);"
          />
        </div>
        <div
          class="sc-kpOvIu gaCFeK"
          data-orientation="vertical"
          data-state="closed"
        >
          <button
            aria-controls="radix-«rb»"
            aria-expanded="false"
            class="sc-icnseD bcQHXF"
            data-orientation="vertical"
            data-radix-collection-item=""
            data-state="closed"
            id="radix-«ra»"
            type="button"
          >
            <span>
              Special nutrition
            </span>
            <svg
              aria-hidden="true"
              class="lucide lucide-chevron-down"
              fill="none"
              height="16"
              stroke="currentColor"
              stroke-linecap="round"
              stroke-linejoin="round"
              stroke-width="2"
              style="stroke-width: 4;"
              viewBox="0 0 24 24"
              width="16"
              xmlns="http://www.w3.org/2000/svg"
            >
              <path
                d="m6 9 6 6 6-6"
              />
            </svg>
          </button>
          <div
            aria-labelledby="radix-«ra»"
            class="sc-jMsorb gEEjGZ"
            data-orientation="vertical"
            data-state="closed"
            hidden=""
            id="radix-«rb»"
            role="region"
            style="--radix-accordion-content-height: var(--radix-collapsible-content-height); --radix-accordion-content-width: var(--radix-collapsible-content-width);"
          />
        </div>
        <div
          class="sc-kpOvIu gaCFeK"
          data-orientation="vertical"
          data-state="closed"
        >
          <button
            aria-controls="radix-«rd»"
            aria-expanded="false"
            class="sc-icnseD bcQHXF"
            data-orientation="vertical"
            data-radix-collection-item=""
            data-state="closed"
            id="radix-«rc»"
            type="button"
          >
            <span>
              Baby
            </span>
            <svg
              aria-hidden="true"
              class="lucide lucide-chevron-down"
              fill="none"
              height="16"
              stroke="currentColor"
              stroke-linecap="round"
              stroke-linejoin="round"
              stroke-width="2"
              style="stroke-width: 4;"
              viewBox="0 0 24 24"
              width="16"
              xmlns="http://www.w3.org/2000/svg"
            >
              <path
                d="m6 9 6 6 6-6"
              />
            </svg>
          </button>
          <div
            aria-labelledby="radix-«rc»"
            class="sc-jMsorb gEEjGZ"
            data-orientation="vertical"
            data-state="closed"
            hidden=""
            id="radix-«rd»"
            role="region"
            style="--radix-accordion-content-height: var(--radix-collapsible-content-height); --radix-accordion-content-width: var(--radix-collapsible-content-width);"
          />
        </div>
        <div
          class="sc-kpOvIu gaCFeK"
          data-orientation="vertical"
          data-state="closed"
        >
          <button
            aria-controls="radix-«rf»"
            aria-expanded="false"
            class="sc-icnseD bcQHXF"
            data-orientation="vertical"
            data-radix-collection-item=""
            data-state="closed"
            id="radix-«re»"
            type="button"
          >
            <span>
              Pharmacy
            </span>
            <svg
              aria-hidden="true"
              class="lucide lucide-chevron-down"
              fill="none"
              height="16"
              stroke="currentColor"
              stroke-linecap="round"
              stroke-linejoin="round"
              stroke-width="2"
              style="stroke-width: 4;"
              viewBox="0 0 24 24"
              width="16"
              xmlns="http://www.w3.org/2000/svg"
            >
              <path
                d="m6 9 6 6 6-6"
              />
            </svg>
          </button>
          <div
            aria-labelledby="radix-«re»"
            class="sc-jMsorb gEEjGZ"
            data-orientation="vertical"
            data-state="closed"
            hidden=""
            id="radix-«rf»"
            role="region"
            style="--radix-accordion-content-height: var(--radix-collapsible-content-height); --radix-accordion-content-width: var(--radix-collapsible-content-width);"
          />
        </div>
      </div>
    </div>
  </div>
</div>
`;
